/home/nyix/projects/Archipelago/NetUtils.py:536: UserWarning: _speedups not available. Falling back to pure python LocationStore. Install a matching C++ compiler for your platform to compile _speedups.
  warnings.warn("_speedups not available. Falling back to pure python LocationStore. "
Archipelago (0.6.8) logging initialized on Linux-6.18.47-x86_64-with-glibc2.42 process 3778113 running Python 3.13.13
P1 Weights: nyix.yaml >> YAML generated by Archipelago 0.6.8.
Generating for 1 player, 50405300646495308423 Seed 16808767366181212289 with plando: connections, texts, bosses
['menu', 'level1', 'level2', 'level3', 'level4', 'level5'] REGIONS
Invalid or missing manifest file for /home/nyix/projects/Archipelago/custom_worlds/celeste.apworld. This apworld will stop working with Archipelago 0.7.0.
There is no item named 'archipelago.json' in the archive - This might be the incorrect world version for this file
Archipelago Version 0.6.8  -  Seed: 16808767366181212289

Found 7 World Types:
 Logic Test  : v0.2.1  | Items: 514 | Locations: 100000
 Mathbreakers: v0.0.0  | Items:  10 | Locations:     56
 MathQuest   : v3.0.0  | Items: 242 | Locations:    514
 TUNIC       : v4.2.7  | Items: 182 | Locations:   6860
 Vex2        : v11.0.0 | Items:  22 | Locations:     71
 Celeste     : v0.0.0  | Items:  59 | Locations:    233

Creating MultiWorld.
Creating Items.
Calculating Access Rules.
Running Item Plando.
Running Pre Main Fill.
Filling the multiworld with 56 items.
Progression balancing skipped.
Beginning output...
Generating output files (2/2).
Calculating playthrough.
Creating final archive at /home/nyix/projects/Archipelago/output/AP_50405300646495308423.zip
Done. Enjoy. Total Time: 0.007108968995453324
/home/nyix/projects/Archipelago/ModuleUpdate.py:92: UserWarning: pkg_resources is deprecated as an API. See https://setuptools.pypa.io/en/latest/pkg_resources.html. The pkg_resources package is slated for removal as early as 2025-11-30. Refrain from using this package or pin to Setuptools<81.
  import pkg_resources
/home/nyix/projects/Archipelago/NetUtils.py:536: UserWarning: _speedups not available. Falling back to pure python LocationStore. Install a matching C++ compiler for your platform to compile _speedups.
  warnings.warn("_speedups not available. Falling back to pure python LocationStore. "
Archipelago (0.6.8) logging initialized on Linux-6.18.47-x86_64-with-glibc2.42 process 3778111 running Python 3.13.13
['menu', 'level1', 'level2', 'level3', 'level4', 'level5'] REGIONS
Invalid or missing manifest file for /home/nyix/projects/Archipelago/custom_worlds/celeste.apworld. This apworld will stop working with Archipelago 0.7.0.
There is no item named 'archipelago.json' in the archive - This might be the incorrect world version for this file
Loading embedded data package for game Mathbreakers
Loading embedded data package for game Archipelago
No save data found, starting a new game
Hosting game at 73.148.89.40:38281 (No password)
server listening on [::]:38281
server listening on 0.0.0.0:38281
